AR datapath datapath /home/ise/ise_projs/T4/T4_proj4/t4proj4/MIPS_S_Prt.vhd sub00/vhpl18 1765358099
EN reg_bank NULL /home/ise/ise_projs/T4/T4_proj4/t4proj4/MIPS_S_Prt.vhd sub00/vhpl13 1765358094
EN reg32bits NULL /home/ise/ise_projs/T4/T4_proj4/t4proj4/MIPS_S_Prt.vhd sub00/vhpl11 1765358092
AR divider divider /home/ise/ise_projs/T4/T4_proj4/t4proj4/mult_div.vhd sub00/vhpl03 1765358084
AR mips_s mips_s /home/ise/ise_projs/T4/T4_proj4/t4proj4/MIPS_S_Prt.vhd sub00/vhpl22 1765358103
AR top_level behavioral /home/ise/ise_projs/T4/T4_proj4/t4proj4/Top_Level.vhd sub00/vhpl28 1765337864
EN periferico NULL /home/ise/ise_projs/T4/T4_proj4/t4proj4/Periferico.vhd sub00/vhpl25 1765337861
EN datapath NULL /home/ise/ise_projs/T4/T4_proj4/t4proj4/MIPS_S_Prt.vhd sub00/vhpl17 1765358098
PH p_mips_s NULL /home/ise/ise_projs/T4/T4_proj4/t4proj4/MIPS_S_Prt.vhd sub00/vhpl10 1765358091
EN divider NULL /home/ise/ise_projs/T4/T4_proj4/t4proj4/mult_div.vhd sub00/vhpl02 1765358083
AR reg_bank reg_bank /home/ise/ise_projs/T4/T4_proj4/t4proj4/MIPS_S_Prt.vhd sub00/vhpl14 1765358095
AR control_unit control_unit /home/ise/ise_projs/T4/T4_proj4/t4proj4/MIPS_S_Prt.vhd sub00/vhpl20 1765358101
AR periferico_copy rtl /home/ise/ise_projs/T4/T4_proj4/t4proj4/Periferico_Copy.vhd sub00/vhpl30 1765358107
EN multiplier NULL /home/ise/ise_projs/T4/T4_proj4/t4proj4/mult_div.vhd sub00/vhpl00 1765358081
AR data_mem_mod0 data_mem_mod0 /home/ise/ise_projs/T4/T4_proj4/t4proj4/memory.vhd sub00/vhpl07 1765358088
EN mips_s NULL /home/ise/ise_projs/T4/T4_proj4/t4proj4/MIPS_S_Prt.vhd sub00/vhpl21 1765358102
EN mips_s_withbrams NULL /home/ise/ise_projs/T4/T4_proj4/t4proj4/MIPS_S_withBRAMs.vhd sub00/vhpl23 1765358104
AR alu alu /home/ise/ise_projs/T4/T4_proj4/t4proj4/MIPS_S_Prt.vhd sub00/vhpl16 1765358097
AR multiplier multiplier /home/ise/ise_projs/T4/T4_proj4/t4proj4/mult_div.vhd sub00/vhpl01 1765358082
AR reg32bits reg32bits /home/ise/ise_projs/T4/T4_proj4/t4proj4/MIPS_S_Prt.vhd sub00/vhpl12 1765358093
AR program_memory program_memory /home/ise/ise_projs/T4/T4_proj4/t4proj4/memory.vhd sub00/vhpl05 1765358086
AR top_system_root structural /home/ise/ise_projs/T4/T4_proj4/t4proj4/Top_System_Root.vhd sub00/vhpl32 1765358109
EN program_memory NULL /home/ise/ise_projs/T4/T4_proj4/t4proj4/memory.vhd sub00/vhpl04 1765358085
AR data_mem_mod1 data_mem_mod1 /home/ise/ise_projs/T4/T4_proj4/t4proj4/memory.vhd sub00/vhpl09 1765358090
EN data_mem_mod0 NULL /home/ise/ise_projs/T4/T4_proj4/t4proj4/memory.vhd sub00/vhpl06 1765358087
EN top_system_root NULL /home/ise/ise_projs/T4/T4_proj4/t4proj4/Top_System_Root.vhd sub00/vhpl31 1765358108
EN data_mem_mod1 NULL /home/ise/ise_projs/T4/T4_proj4/t4proj4/memory.vhd sub00/vhpl08 1765358089
EN control_unit NULL /home/ise/ise_projs/T4/T4_proj4/t4proj4/MIPS_S_Prt.vhd sub00/vhpl19 1765358100
EN periferico_copy NULL /home/ise/ise_projs/T4/T4_proj4/t4proj4/Periferico_Copy.vhd sub00/vhpl29 1765358106
AR mips_s_withbrams mips_s_withbrams /home/ise/ise_projs/T4/T4_proj4/t4proj4/MIPS_S_withBRAMs.vhd sub00/vhpl24 1765358105
AR periferico behavioral /home/ise/ise_projs/T4/T4_proj4/t4proj4/Periferico.vhd sub00/vhpl26 1765337862
EN alu NULL /home/ise/ise_projs/T4/T4_proj4/t4proj4/MIPS_S_Prt.vhd sub00/vhpl15 1765358096
EN top_level NULL /home/ise/ise_projs/T4/T4_proj4/t4proj4/Top_Level.vhd sub00/vhpl27 1765337863
