V3 73
FL /home/ise/ise_projs/T4/T4_proj4/t4proj4/memory.vhd 2025/12/09.17:06:44 P.20131013
EN work/program_memory 1765358085 \
      FL /home/ise/ise_projs/T4/T4_proj4/t4proj4/memory.vhd \
      PB ieee/std_logic_1164 1381692176 LB UNISIM PH unisim/VCOMPONENTS 1381692182
AR work/program_memory/program_memory 1765358086 \
      FL /home/ise/ise_projs/T4/T4_proj4/t4proj4/memory.vhd \
      EN work/program_memory 1765358085 CP RAMB16_S36
EN work/data_mem_mod0 1765358087 \
      FL /home/ise/ise_projs/T4/T4_proj4/t4proj4/memory.vhd \
      PB ieee/std_logic_1164 1381692176 LB UNISIM PH unisim/VCOMPONENTS 1381692182
AR work/data_mem_mod0/data_mem_mod0 1765358088 \
      FL /home/ise/ise_projs/T4/T4_proj4/t4proj4/memory.vhd EN work/data_mem_mod0 1765358087 \
      CP RAMB16_S9
EN work/data_mem_mod1 1765358089 \
      FL /home/ise/ise_projs/T4/T4_proj4/t4proj4/memory.vhd \
      PB ieee/std_logic_1164 1381692176 LB UNISIM PH unisim/VCOMPONENTS 1381692182
AR work/data_mem_mod1/data_mem_mod1 1765358090 \
      FL /home/ise/ise_projs/T4/T4_proj4/t4proj4/memory.vhd EN work/data_mem_mod1 1765358089 \
      CP RAMB16_S9
FL /home/ise/ise_projs/T4/T4_proj4/t4proj4/MIPS_S_Prt.vhd 2025/06/02.02:23:28 P.20131013
PH work/p_MIPS_S 1765358091 \
      FL /home/ise/ise_projs/T4/T4_proj4/t4proj4/MIPS_S_Prt.vhd \
      PB ieee/std_logic_1164 1381692176
EN work/reg32bits 1765358092 \
      FL /home/ise/ise_projs/T4/T4_proj4/t4proj4/MIPS_S_Prt.vhd \
      PB ieee/std_logic_1164 1381692176 PH work/p_MIPS_S 1765358091
AR work/reg32bits/reg32bits 1765358093 \
      FL /home/ise/ise_projs/T4/T4_proj4/t4proj4/MIPS_S_Prt.vhd EN work/reg32bits 1765358092
EN work/reg_bank 1765358094 \
      FL /home/ise/ise_projs/T4/T4_proj4/t4proj4/MIPS_S_Prt.vhd \
      PB ieee/std_logic_1164 1381692176 PB ieee/STD_LOGIC_UNSIGNED 1381692179 \
      PH work/p_MIPS_S 1765358091
AR work/reg_bank/reg_bank 1765358095 \
      FL /home/ise/ise_projs/T4/T4_proj4/t4proj4/MIPS_S_Prt.vhd EN work/reg_bank 1765358094 \
      CP work/reg32bits
EN work/alu 1765358096 \
      FL /home/ise/ise_projs/T4/T4_proj4/t4proj4/MIPS_S_Prt.vhd \
      PB ieee/std_logic_1164 1381692176 PB ieee/STD_LOGIC_UNSIGNED 1381692179 \
      PB ieee/std_logic_arith 1381692177 PH work/p_MIPS_S 1765358091
AR work/alu/alu 1765358097 \
      FL /home/ise/ise_projs/T4/T4_proj4/t4proj4/MIPS_S_Prt.vhd EN work/alu 1765358096 \
      PB ieee/STD_LOGIC_SIGNED 1381692178
EN work/datapath 1765358098 \
      FL /home/ise/ise_projs/T4/T4_proj4/t4proj4/MIPS_S_Prt.vhd \
      PB ieee/std_logic_1164 1381692176 PB ieee/STD_LOGIC_SIGNED 1381692178 \
      PB ieee/std_logic_arith 1381692177 PH work/p_MIPS_S 1765358091
AR work/datapath/datapath 1765358099 \
      FL /home/ise/ise_projs/T4/T4_proj4/t4proj4/MIPS_S_Prt.vhd EN work/datapath 1765358098 \
      CP adS CP work/reg_bank CP R3_in CP work/reg32bits CP op1 CP op2 CP work/alu \
      CP work/divider CP work/multiplier CP D_Lo CP D_Hi CP MDR_in CP RESULT CP adD \
      CP RIN
EN work/control_unit 1765358100 \
      FL /home/ise/ise_projs/T4/T4_proj4/t4proj4/MIPS_S_Prt.vhd \
      PB ieee/std_logic_1164 1381692176 PB ieee/STD_LOGIC_UNSIGNED 1381692179 \
      PH work/p_MIPS_S 1765358091
AR work/control_unit/control_unit 1765358101 \
      FL /home/ise/ise_projs/T4/T4_proj4/t4proj4/MIPS_S_Prt.vhd \
      EN work/control_unit 1765358100 CP PC_in CP work/reg32bits
EN work/MIPS_S 1765358102 \
      FL /home/ise/ise_projs/T4/T4_proj4/t4proj4/MIPS_S_Prt.vhd \
      PB ieee/std_logic_1164 1381692176 PH work/p_MIPS_S 1765358091
AR work/MIPS_S/MIPS_S 1765358103 \
      FL /home/ise/ise_projs/T4/T4_proj4/t4proj4/MIPS_S_Prt.vhd EN work/MIPS_S 1765358102 \
      CP work/control_unit CP work/datapath
FL /home/ise/ise_projs/T4/T4_proj4/t4proj4/MIPS_S_withBRAMs.vhd 2025/12/04.11:57:35 P.20131013
EN work/MIPS_S_withBRAMs 1765358104 \
      FL /home/ise/ise_projs/T4/T4_proj4/t4proj4/MIPS_S_withBRAMs.vhd \
      PB ieee/std_logic_1164 1381692176 PB ieee/STD_LOGIC_UNSIGNED 1381692179 \
      PH work/p_MIPS_S 1765358091
AR work/MIPS_S_withBRAMs/MIPS_S_withBRAMs 1765358105 \
      FL /home/ise/ise_projs/T4/T4_proj4/t4proj4/MIPS_S_withBRAMs.vhd \
      EN work/MIPS_S_withBRAMs 1765358104 CP IDMem_clock CP work/program_memory \
      CP work/MIPS_S CP valid_d_address CP d_address_RAM CP data_in_RAM \
      CP work/data_mem_mod0
FL /home/ise/ise_projs/T4/T4_proj4/t4proj4/mult_div.vhd 2025/05/26.23:06:42 P.20131013
EN work/multiplier 1765358081 \
      FL /home/ise/ise_projs/T4/T4_proj4/t4proj4/mult_div.vhd \
      PB ieee/std_logic_1164 1381692176 PB ieee/STD_LOGIC_UNSIGNED 1381692179
AR work/multiplier/multiplier 1765358082 \
      FL /home/ise/ise_projs/T4/T4_proj4/t4proj4/mult_div.vhd EN work/multiplier 1765358081
EN work/divider 1765358083 \
      FL /home/ise/ise_projs/T4/T4_proj4/t4proj4/mult_div.vhd \
      PB ieee/std_logic_1164 1381692176 PB ieee/STD_LOGIC_UNSIGNED 1381692179
AR work/divider/divider 1765358084 \
      FL /home/ise/ise_projs/T4/T4_proj4/t4proj4/mult_div.vhd EN work/divider 1765358083
FL /home/ise/ise_projs/T4/T4_proj4/t4proj4/Periferico.vhd 2025/12/10.03:06:47 P.20131013
EN work/Periferico 1765337861 \
      FL /home/ise/ise_projs/T4/T4_proj4/t4proj4/Periferico.vhd \
      PB ieee/std_logic_1164 1381692176 PB ieee/std_logic_arith 1381692177 \
      PB ieee/STD_LOGIC_UNSIGNED 1381692179
AR work/Periferico/Behavioral 1765337862 \
      FL /home/ise/ise_projs/T4/T4_proj4/t4proj4/Periferico.vhd \
      EN work/Periferico 1765337861 CP IDMem_clock CP work/data_mem_mod1
FL /home/ise/ise_projs/T4/T4_proj4/t4proj4/Periferico_Copy.vhd 2025/12/10.23:02:20 P.20131013
EN work/Periferico_Copy 1765358106 \
      FL /home/ise/ise_projs/T4/T4_proj4/t4proj4/Periferico_Copy.vhd \
      PB ieee/std_logic_1164 1381692176 PB ieee/std_logic_arith 1381692177 \
      PB ieee/STD_LOGIC_UNSIGNED 1381692179
AR work/Periferico_Copy/RTL 1765358107 \
      FL /home/ise/ise_projs/T4/T4_proj4/t4proj4/Periferico_Copy.vhd \
      EN work/Periferico_Copy 1765358106 CP work/data_mem_mod1
FL /home/ise/ise_projs/T4/T4_proj4/t4proj4/Top_Level.vhd 2025/12/10.00:12:15 P.20131013
EN work/Top_Level 1765337863 \
      FL /home/ise/ise_projs/T4/T4_proj4/t4proj4/Top_Level.vhd \
      PB ieee/std_logic_1164 1381692176
AR work/Top_Level/Behavioral 1765337864 \
      FL /home/ise/ise_projs/T4/T4_proj4/t4proj4/Top_Level.vhd EN work/Top_Level 1765337863 \
      CP work/MIPS_S_withBRAMs CP work/Periferico
FL /home/ise/ise_projs/T4/T4_proj4/t4proj4/Top_System_Root.vhd 2025/12/10.23:03:14 P.20131013
EN work/Top_System_Root 1765358108 \
      FL /home/ise/ise_projs/T4/T4_proj4/t4proj4/Top_System_Root.vhd \
      PB ieee/std_logic_1164 1381692176
AR work/Top_System_Root/Structural 1765358109 \
      FL /home/ise/ise_projs/T4/T4_proj4/t4proj4/Top_System_Root.vhd \
      EN work/Top_System_Root 1765358108 CP work/MIPS_S_withBRAMs \
      CP work/Periferico_Copy
